@!@!@STARTMSG 2262:0 @!@!@
TLC2 Version 2.20 of Day Month 20?? (rev: 6fde5a9)
@!@!@ENDMSG 2262 @!@!@
@!@!@STARTMSG 2187:0 @!@!@
Running breadth-first search Model-Checking with fp 33 and seed 2354943303922635818 with 1 worker on 12 cores with 3484MB heap and 64MB offheap memory [pid: 585954] (Linux 6.18.8-200.fc43.x86_64 amd64, Red Hat, Inc. 25.0.2 x86_64, MSBDiskFPSet, DiskStateQueue).
@!@!@ENDMSG 2187 @!@!@
@!@!@STARTMSG 2220:0 @!@!@
Starting SANY...
@!@!@ENDMSG 2220 @!@!@
Parsing file /home/louis/Documents/ingé_2a/MOVEX/TD2/ex6.tla
Parsing file /tmp/tlc-15438498121481675487/TLC.tla (jar:file:/home/louis/.vscode/extensions/tlaplus.vscode-ide-2026.2.102256/tools/tla2tools.jar!/tla2sany/StandardModules/TLC.tla)
Parsing file /tmp/tlc-15438498121481675487/Integers.tla (jar:file:/home/louis/.vscode/extensions/tlaplus.vscode-ide-2026.2.102256/tools/tla2tools.jar!/tla2sany/StandardModules/Integers.tla)
Parsing file /tmp/tlc-15438498121481675487/_TLCTrace.tla (jar:file:/home/louis/.vscode/extensions/tlaplus.vscode-ide-2026.2.102256/tools/tla2tools.jar!/tla2sany/StandardModules/_TLCTrace.tla)
Parsing file /tmp/tlc-15438498121481675487/Naturals.tla (jar:file:/home/louis/.vscode/extensions/tlaplus.vscode-ide-2026.2.102256/tools/tla2tools.jar!/tla2sany/StandardModules/Naturals.tla)
Parsing file /tmp/tlc-15438498121481675487/Sequences.tla (jar:file:/home/louis/.vscode/extensions/tlaplus.vscode-ide-2026.2.102256/tools/tla2tools.jar!/tla2sany/StandardModules/Sequences.tla)
Parsing file /tmp/tlc-15438498121481675487/FiniteSets.tla (jar:file:/home/louis/.vscode/extensions/tlaplus.vscode-ide-2026.2.102256/tools/tla2tools.jar!/tla2sany/StandardModules/FiniteSets.tla)
Parsing file /tmp/tlc-15438498121481675487/TLCExt.tla (jar:file:/home/louis/.vscode/extensions/tlaplus.vscode-ide-2026.2.102256/tools/tla2tools.jar!/tla2sany/StandardModules/TLCExt.tla)
Semantic processing of module Naturals
Semantic processing of module Sequences
Semantic processing of module FiniteSets
Semantic processing of module TLC
Semantic processing of module Integers
Semantic processing of module TLCExt
Semantic processing of module _TLCTrace
Semantic processing of module ex6
Linting of module TLCExt
Linting of module _TLCTrace
Linting of module ex6
@!@!@STARTMSG 2219:0 @!@!@
SANY finished.
@!@!@ENDMSG 2219 @!@!@
@!@!@STARTMSG 2185:0 @!@!@
Starting... (2026-02-12 08:59:05)
@!@!@ENDMSG 2185 @!@!@
@!@!@STARTMSG 2222:1 @!@!@
The constant parameter z0 is not assigned a value by the configuration file.
@!@!@ENDMSG 2222 @!@!@
@!@!@STARTMSG 2186:0 @!@!@
Finished in 463ms at (2026-02-12 08:59:05)
@!@!@ENDMSG 2186 @!@!@
