@!@!@STARTMSG 2262:0 @!@!@
TLC2 Version 2.20 of Day Month 20?? (rev: 3bc9e86)
@!@!@ENDMSG 2262 @!@!@
@!@!@STARTMSG 2187:0 @!@!@
Running breadth-first search Model-Checking with fp 122 and seed -5769104546745008279 with 1 worker on 12 cores with 3484MB heap and 64MB offheap memory [pid: 633828] (Linux 6.18.6-200.fc43.x86_64 amd64, Red Hat, Inc. 25.0.1 x86_64, MSBDiskFPSet, DiskStateQueue).
@!@!@ENDMSG 2187 @!@!@
@!@!@STARTMSG 2220:0 @!@!@
Starting SANY...
@!@!@ENDMSG 2220 @!@!@
Parsing file /home/louis/Documents/ingé_2a/MOVEX/TD2/ex7.tla
Parsing file /tmp/tlc-12350973234115590152/TLC.tla (jar:file:/home/louis/.vscode/extensions/tlaplus.vscode-ide-2026.1.290304/tools/tla2tools.jar!/tla2sany/StandardModules/TLC.tla)
Parsing file /tmp/tlc-12350973234115590152/Integers.tla (jar:file:/home/louis/.vscode/extensions/tlaplus.vscode-ide-2026.1.290304/tools/tla2tools.jar!/tla2sany/StandardModules/Integers.tla)
Parsing file /tmp/tlc-12350973234115590152/_TLCTrace.tla (jar:file:/home/louis/.vscode/extensions/tlaplus.vscode-ide-2026.1.290304/tools/tla2tools.jar!/tla2sany/StandardModules/_TLCTrace.tla)
Parsing file /tmp/tlc-12350973234115590152/Naturals.tla (jar:file:/home/louis/.vscode/extensions/tlaplus.vscode-ide-2026.1.290304/tools/tla2tools.jar!/tla2sany/StandardModules/Naturals.tla)
Parsing file /tmp/tlc-12350973234115590152/Sequences.tla (jar:file:/home/louis/.vscode/extensions/tlaplus.vscode-ide-2026.1.290304/tools/tla2tools.jar!/tla2sany/StandardModules/Sequences.tla)
Parsing file /tmp/tlc-12350973234115590152/FiniteSets.tla (jar:file:/home/louis/.vscode/extensions/tlaplus.vscode-ide-2026.1.290304/tools/tla2tools.jar!/tla2sany/StandardModules/FiniteSets.tla)
Parsing file /tmp/tlc-12350973234115590152/TLCExt.tla (jar:file:/home/louis/.vscode/extensions/tlaplus.vscode-ide-2026.1.290304/tools/tla2tools.jar!/tla2sany/StandardModules/TLCExt.tla)
Semantic processing of module Naturals
Semantic processing of module Sequences
Semantic processing of module FiniteSets
Semantic processing of module TLC
Semantic processing of module Integers
Semantic processing of module TLCExt
Semantic processing of module _TLCTrace
Semantic processing of module ex7
Linting of module TLCExt
Linting of module _TLCTrace
Linting of module ex7
@!@!@STARTMSG 2219:0 @!@!@
SANY finished.
@!@!@ENDMSG 2219 @!@!@
@!@!@STARTMSG 2185:0 @!@!@
Starting... (2026-01-29 09:58:34)
@!@!@ENDMSG 2185 @!@!@
@!@!@STARTMSG 2189:0 @!@!@
Computing initial states...
@!@!@ENDMSG 2189 @!@!@
@!@!@STARTMSG 1000:1 @!@!@
@!@!@STARTMSG 2280:0 @!@!@
In evaluation, the identifier z is either undefined or not an operator.
line 29, col 16 to line 29, col 16 of module ex7
@!@!@ENDMSG 2280 @!@!@
@!@!@ENDMSG 1000 @!@!@
@!@!@STARTMSG 2103:1 @!@!@
The error occurred when TLC was evaluating the nested
expressions at the following positions:
0. Line 28, column 9 to line 31, column 20 in ex7
1. Line 28, column 12 to line 28, column 17 in ex7
2. Line 29, column 12 to line 29, column 18 in ex7
3. Line 29, column 16 to line 29, column 18 in ex7
4. Line 29, column 16 to line 29, column 16 in ex7


@!@!@ENDMSG 2103 @!@!@
@!@!@STARTMSG 2201:0 @!@!@
The coverage statistics at 2026-01-29 09:58:34 (see https://explain.tlapl.us/module-coverage-statistics for how to interpret the following statistics).
@!@!@ENDMSG 2201 @!@!@
@!@!@STARTMSG 2779:0 @!@!@
<x line 18, col 15 to line 18, col 15 of module ex7>: 0
@!@!@ENDMSG 2779 @!@!@
@!@!@STARTMSG 2779:0 @!@!@
<y line 18, col 18 to line 18, col 18 of module ex7>: 0
@!@!@ENDMSG 2779 @!@!@
@!@!@STARTMSG 2779:0 @!@!@
<z line 18, col 21 to line 18, col 21 of module ex7>: 0
@!@!@ENDMSG 2779 @!@!@
@!@!@STARTMSG 2779:0 @!@!@
<pc line 18, col 11 to line 18, col 12 of module ex7>: 0
@!@!@ENDMSG 2779 @!@!@
@!@!@STARTMSG 2773:0 @!@!@
<Init line 27, col 1 to line 27, col 4 of module ex7>: 0:0
@!@!@ENDMSG 2773 @!@!@
@!@!@STARTMSG 2221:0 @!@!@
  line 28, col 9 to line 31, col 20 of module ex7: 2
@!@!@ENDMSG 2221 @!@!@
@!@!@STARTMSG 2772:0 @!@!@
<l1 line 33, col 1 to line 33, col 2 of module ex7>: 0:0
@!@!@ENDMSG 2772 @!@!@
@!@!@STARTMSG 2221:0 @!@!@
  line 35, col 10 to line 35, col 17 of module ex7: 0
@!@!@ENDMSG 2221 @!@!@
@!@!@STARTMSG 2221:0 @!@!@
  line 36, col 10 to line 36, col 19 of module ex7: 0
@!@!@ENDMSG 2221 @!@!@
@!@!@STARTMSG 2221:0 @!@!@
  line 37, col 10 to line 37, col 29 of module ex7: 0
@!@!@ENDMSG 2221 @!@!@
@!@!@STARTMSG 2772:0 @!@!@
<l2 line 39, col 1 to line 39, col 2 of module ex7>: 0:0
@!@!@ENDMSG 2772 @!@!@
@!@!@STARTMSG 2221:0 @!@!@
  line 42, col 10 to line 42, col 21 of module ex7: 0
@!@!@ENDMSG 2221 @!@!@
@!@!@STARTMSG 2221:0 @!@!@
  line 43, col 10 to line 43, col 32 of module ex7: 0
@!@!@ENDMSG 2221 @!@!@
@!@!@STARTMSG 2772:0 @!@!@
<Terminating line 46, col 1 to line 46, col 11 of module ex7>: 0:0
@!@!@ENDMSG 2772 @!@!@
@!@!@STARTMSG 2221:0 @!@!@
  line 46, col 31 to line 46, col 44 of module ex7: 0
@!@!@ENDMSG 2221 @!@!@
@!@!@STARTMSG 2202:0 @!@!@
End of statistics.
@!@!@ENDMSG 2202 @!@!@
@!@!@STARTMSG 2200:0 @!@!@
Progress(1) at 2026-01-29 09:58:34: 0 states generated (0 s/min), 0 distinct states found (0 ds/min), 0 states left on queue.
@!@!@ENDMSG 2200 @!@!@
@!@!@STARTMSG 2199:0 @!@!@
0 states generated, 0 distinct states found, 0 states left on queue.
@!@!@ENDMSG 2199 @!@!@
@!@!@STARTMSG 2194:0 @!@!@
The depth of the complete state graph search is 0.
@!@!@ENDMSG 2194 @!@!@
@!@!@STARTMSG 2186:0 @!@!@
Finished in 782ms at (2026-01-29 09:58:34)
@!@!@ENDMSG 2186 @!@!@
